// Jest Snapshot v1, https://goo.gl/fbAQLP

exports[`Navigation Mounts without error 1`] = `
<div>
  <h3>
    Navigation
  </h3>
   
  <ul
    class="links"
  >
    <li>
      <router-link-stub
        event="click"
        tag="a"
        to="[object Object]"
      >
        Home
      </router-link-stub>
    </li>
    <li>
      <router-link-stub
        event="click"
        tag="a"
        to="[object Object]"
      >
        About
      </router-link-stub>
    </li>
  </ul>
</div>
`;
